2026-10-08T10:34:10 [INFO] 开始检查 NAO-001 (10.161.192.49:9559)，配置 guided
2026-10-08T10:34:10 [INFO] 开始项目 connection - 网络与 NAOqi 连接
2026-10-08T10:34:10 [INFO] 完成项目 connection：PASS - NAOqi 2.8.5.10 可连接，RPC 最大延迟 14.0 ms
2026-10-08T10:34:14 [INFO] 开始项目 system - 机器人身份与系统
2026-10-08T10:34:14 [INFO] 完成项目 system：PASS - 已读取机器人名称、型号配置和系统版本
2026-10-08T10:34:18 [INFO] 开始项目 services - NAOqi 服务完整性
2026-10-08T10:34:18 [INFO] 完成项目 services：PASS - 已探测的 15 个 NAOqi 服务均可用
2026-10-08T10:34:22 [INFO] 开始项目 diagnosis - 内置诊断与系统通知
2026-10-08T10:34:22 [INFO] 完成项目 diagnosis：FAIL - 发现 3 项诊断故障
2026-10-08T10:34:22 [INFO] 开始项目 battery - 电池与供电快照
2026-10-08T10:34:22 [INFO] 完成项目 battery：PASS - 电池状态可读取，当前电量 79.0%
2026-10-08T10:34:26 [INFO] 开始项目 boards - 板卡通信计数器
2026-10-08T10:34:27 [INFO] 完成项目 boards：PASS - 19 个板卡通信计数有进展，未见新增 Nack
2026-10-08T10:34:30 [INFO] 开始项目 temperature - 关节与机体温度
2026-10-08T10:34:30 [INFO] 完成项目 temperature：PASS - 26 个关节的温度与状态正常
2026-10-08T10:34:33 [INFO] 开始项目 joints_static - 关节静态数据
2026-10-08T10:34:33 [INFO] 完成项目 joints_static：PASS - 26 个关节的角度、命令值与刚度数据可读取
2026-10-08T10:34:37 [INFO] 开始项目 imu - 惯性测量单元 IMU
2026-10-08T10:34:38 [INFO] 完成项目 imu：PASS - 惯导 8 路数据完整；加速度模长 9.855，陀螺模长 0.010
2026-10-08T10:34:42 [INFO] 开始项目 fsr - 足底压力传感器 FSR
2026-10-08T10:34:42 [INFO] 完成项目 fsr：PASS - 8 路足底压力数据完整，总读数 7.657
2026-10-08T10:34:46 [INFO] 开始项目 sonar - 左右声纳
2026-10-08T10:36:25 [INFO] 完成项目 sonar：WARN - 声纳有数据，但标靶距离/稳定性未达到建议范围
2026-10-08T10:36:25 [INFO] 开始项目 cameras - 上下摄像头
2026-10-08T10:36:29 [INFO] 完成项目 cameras：FAIL - 相机采集失败：top
2026-10-08T10:36:29 [INFO] 开始项目 audio - 麦克风与扬声器
2026-10-08T10:37:06 [INFO] 完成项目 audio：PASS - 四路麦克风有数据，至少两路响应测试音，操作者确认扬声器正常
2026-10-08T10:37:09 [INFO] 开始项目 touch - 头部、双手触摸与胸键
2026-10-08T10:37:09 [INFO] 头部、双手触摸与胸键：每个位置有 8.0 秒操作时间
2026-10-08T10:37:09 [INFO] 请操作头顶前部触摸，然后松开。
2026-10-08T10:37:22 [WARN] 头顶前部触摸 未通过：timeout
2026-10-08T10:37:22 [INFO] 请操作头顶中部触摸，然后松开。
2026-10-08T10:37:36 [WARN] 头顶中部触摸 未通过：no_release
2026-10-08T10:37:36 [INFO] 请操作头顶后部触摸，然后松开。
2026-10-08T10:37:44 [WARN] 头顶后部触摸 未通过：stuck_high
2026-10-08T10:37:44 [INFO] 请操作左手背触摸，然后松开。
2026-10-08T10:37:51 [WARN] 左手背触摸 未通过：no_release
2026-10-08T10:37:51 [INFO] 请操作左手左侧触摸，然后松开。
2026-10-08T10:38:03 [WARN] 左手左侧触摸 未通过：stuck_high
2026-10-08T10:38:03 [INFO] 请操作左手右侧触摸，然后松开。
2026-10-08T10:38:33 [INFO] 请操作右手背触摸，然后松开。
2026-10-08T10:38:49 [INFO] 请操作右手左侧触摸，然后松开。
2026-10-08T10:38:58 [INFO] 请操作右手右侧触摸，然后松开。
2026-10-08T10:39:10 [WARN] 右手右侧触摸 未通过：timeout
2026-10-08T10:39:10 [INFO] 请操作胸口按钮（短按后立即松开），然后松开。
2026-10-08T10:39:20 [INFO] 完成项目 touch：FAIL - 6/10 个传感位置未完成按下并释放响应
2026-10-08T10:39:20 [INFO] 开始项目 bumpers - 四个脚部碰撞开关
2026-10-08T10:39:20 [INFO] 四个脚部碰撞开关：每个位置有 8.0 秒操作时间
2026-10-08T10:39:20 [INFO] 请操作左脚左侧碰撞开关，然后松开。
2026-10-08T10:39:37 [INFO] 请操作左脚右侧碰撞开关，然后松开。
2026-10-08T10:39:53 [INFO] 请操作右脚左侧碰撞开关，然后松开。
2026-10-08T10:40:05 [INFO] 请操作右脚右侧碰撞开关，然后松开。
2026-10-08T10:40:14 [INFO] 完成项目 bumpers：PASS - 4 个传感位置均检测到 0→1→0 响应
2026-10-08T10:40:17 [INFO] 开始项目 leds - LED 灯组
2026-10-08T10:40:50 [INFO] 完成项目 leds：PASS - LED 指令正常，操作者确认全部灯组显示正常
2026-10-08T10:40:58 [INFO] 检查完成：FAIL / REJECT；HTML 报告：P:\NAO_Test\reports\NAO-001\20261008_103410_031000_43148_001_10.161.192.49\report.html
